
Running 5 tests using 4 workers

node.exe : 
[2m[WebServer] 
[22mBrowserslist: 
browsers data 
(caniuse-lite) is 
14 months old. 
Please run:
At line:1 char:1
+ & "C:\Program File
s\nodejs/node.exe" 
"C:\Program Files\no
dejs/node_mo ...
+ ~~~~~~~~~~~~~~~~~~
~~~~~~~~~~~~~~~~~~~~
~~~~~~~~~~~~~~~~~~~~
~~~~~~~~~~~
    + CategoryInfo  
            : NotS  
  pecified: ([2m   
 [WebServer]...l    
d. Please run::    
String) [], Rem    
oteException
    + FullyQualifie 
   dErrorId : Nati  
  veCommandError
 
[2m[WebServer] 
[22m  npx update-br
owserslist-db@latest
[2m[WebServer] 
[22m  Why you 
should do it 
regularly: https://g
ithub.com/browsersli
st/update-db#readme
  Γ£ÿ  1 [chromium] ΓÇ║ tests\login.spec.ts:4:5 ΓÇ║ Login Flow ΓÇ║ Login and Redirect (16.0s)
  Γ£ÿ  3 [chromium] ΓÇ║ tests\dashboard.spec.ts:14:5 ΓÇ║ Dashboard Access ΓÇ║ Promoter Dashboard Elements (30.1s)
  Γ£ÿ  2 [chromium] ΓÇ║ tests\signup.spec.ts:5:5 ΓÇ║ Signup Flow ΓÇ║ Test Case 1: Complete Signup with Files (30.1s)
  Γ£ÿ  4 [chromium] ΓÇ║ tests\profile.spec.ts:13:5 ΓÇ║ Profile Page ΓÇ║ View and Update Profile (30.0s)
  Γ£ÿ  5 [chromium] ΓÇ║ tests\signup.spec.ts:35:5 ΓÇ║ Signup Flow ΓÇ║ Test Case 3: Signup with Invalid Files (30.1s)


  1) [chromium] ΓÇ║ tests\dashboard.spec.ts:14:5 ΓÇ║ Dashboard Access ΓÇ║ Promoter Dashboard Elements ΓöÇΓöÇΓöÇΓöÇ

    [31mTest timeout of 30000ms exceeded while running "beforeEach" hook.[39m
        at C:\Users\cactu\OneDrive\Desktop\app\New folder (2)\smart-shift-tracker\tests\dashboard.spec.ts:5:10)

    Error: page.waitForURL: Test timeout of 30000ms exceeded.
    =========================== logs ===========================
    waiting for navigation until "load"
      navigated to "http://localhost:8080/shifts"
    ============================================================
        at C:\Users\cactu\OneDrive\Desktop\app\New folder (2)\smart-shift-tracker\tests\dashboard.spec.ts:11:20)
        at C:\Users\cactu\OneDrive\Desktop\app\New folder (2)\smart-shift-tracker\node_modules\playwright\lib\worker\testInfo.js:311:11)
        at C:\Users\cactu\OneDrive\Desktop\app\New folder (2)\smart-shift-tracker\node_modules\playwright\lib\worker\workerMain.js:478:11)
        at C:\Users\cactu\OneDrive\Desktop\app\New folder (2)\smart-shift-tracker\node_modules\playwright\lib\worker\workerMain.js:314:9)
        at C:\Users\cactu\OneDrive\Desktop\app\New folder (2)\smart-shift-tracker\node_modules\playwright\lib\worker\workerMain.js:310:7)

    Error Context: test-results\dashboard-Dashboard-Access-Promoter-Dashboard-Elements-chromium\error-context.md

  2) [chromium] ΓÇ║ tests\login.spec.ts:4:5 ΓÇ║ Login Flow ΓÇ║ Login and Redirect ΓöÇΓöÇΓöÇΓöÇΓöÇΓöÇΓöÇΓöÇΓöÇΓöÇΓöÇΓöÇΓöÇΓöÇΓöÇΓöÇΓöÇΓöÇΓöÇΓöÇΓöÇΓöÇΓöÇΓöÇ

    Error: [2mexpect([22m[31mpage[39m[2m).[22mtoHaveURL[2m([22m[32mexpected[39m[2m)[22m failed

    Expected pattern: [32m/.*dashboard/[39m
    Received string:  [31m"http://localhost:8080/shifts"[39m
    Timeout: 5000ms

    Call log:
    [2m  - Expect "toHaveURL" with timeout 5000ms[22m
    [2m    4 ├ù unexpected value "http://localhost:8080/login"[22m
    [2m    4 ├ù unexpected value "http://localhost:8080/shifts"[22m

        at C:\Users\cactu\OneDrive\Desktop\app\New folder (2)\smart-shift-tracker\tests\login.spec.ts:19:28)
        at C:\Users\cactu\OneDrive\Desktop\app\New folder (2)\smart-shift-tracker\node_modules\playwright\lib\worker\workerMain.js:322:9)
        at C:\Users\cactu\OneDrive\Desktop\app\New folder (2)\smart-shift-tracker\node_modules\playwright\lib\worker\testInfo.js:311:11)
        at C:\Users\cactu\OneDrive\Desktop\app\New folder (2)\smart-shift-tracker\node_modules\playwright\lib\worker\workerMain.js:320:7)

    Error Context: test-results\login-Login-Flow-Login-and-Redirect-chromium\error-context.md

  3) [chromium] ΓÇ║ tests\profile.spec.ts:13:5 ΓÇ║ Profile Page ΓÇ║ View and Update Profile ΓöÇΓöÇΓöÇΓöÇΓöÇΓöÇΓöÇΓöÇΓöÇΓöÇΓöÇΓöÇΓöÇΓöÇ

    [31mTest timeout of 30000ms exceeded while running "beforeEach" hook.[39m
        at C:\Users\cactu\OneDrive\Desktop\app\New folder (2)\smart-shift-tracker\tests\profile.spec.ts:4:10)

    Error: page.waitForURL: Test timeout of 30000ms exceeded.
    =========================== logs ===========================
    waiting for navigation until "load"
      navigated to "http://localhost:8080/shifts"
    ============================================================
        at C:\Users\cactu\OneDrive\Desktop\app\New folder (2)\smart-shift-tracker\tests\profile.spec.ts:10:20)
        at C:\Users\cactu\OneDrive\Desktop\app\New folder (2)\smart-shift-tracker\node_modules\playwright\lib\worker\testInfo.js:311:11)
        at C:\Users\cactu\OneDrive\Desktop\app\New folder (2)\smart-shift-tracker\node_modules\playwright\lib\worker\workerMain.js:478:11)
        at C:\Users\cactu\OneDrive\Desktop\app\New folder (2)\smart-shift-tracker\node_modules\playwright\lib\worker\workerMain.js:314:9)
        at C:\Users\cactu\OneDrive\Desktop\app\New folder (2)\smart-shift-tracker\node_modules\playwright\lib\worker\workerMain.js:310:7)

    Error Context: test-results\profile-Profile-Page-View-and-Update-Profile-chromium\error-context.md

  4) [chromium] ΓÇ║ tests\signup.spec.ts:5:5 ΓÇ║ Signup Flow ΓÇ║ Test Case 1: Complete Signup with Files ΓöÇ

    [31mTest timeout of 30000ms exceeded.[39m

    Error: locator.check: Test timeout of 30000ms exceeded.
    Call log:
    [2m  - waiting for getByLabel('Promoter')[22m

        at C:\Users\cactu\OneDrive\Desktop\app\New folder (2)\smart-shift-tracker\tests\signup.spec.ts:16:43)
        at C:\Users\cactu\OneDrive\Desktop\app\New folder (2)\smart-shift-tracker\node_modules\playwright\lib\worker\workerMain.js:322:9)
        at C:\Users\cactu\OneDrive\Desktop\app\New folder (2)\smart-shift-tracker\node_modules\playwright\lib\worker\testInfo.js:311:11)
        at C:\Users\cactu\OneDrive\Desktop\app\New folder (2)\smart-shift-tracker\node_modules\playwright\lib\worker\workerMain.js:320:7)

    Error Context: test-results\signup-Signup-Flow-Test-Case-1-Complete-Signup-with-Files-chromium\error-context.md

  5) [chromium] ΓÇ║ tests\signup.spec.ts:35:5 ΓÇ║ Signup Flow ΓÇ║ Test Case 3: Signup with Invalid Files ΓöÇ

    [31mTest timeout of 30000ms exceeded.[39m

    Error: locator.setInputFiles: Test timeout of 30000ms exceeded.
    Call log:
    [2m  - waiting for getByLabel('Upload ID Card')[22m

        at C:\Users\cactu\OneDrive\Desktop\app\New folder (2)\smart-shift-tracker\tests\signup.spec.ts:43:9)
        at C:\Users\cactu\OneDrive\Desktop\app\New folder (2)\smart-shift-tracker\node_modules\playwright\lib\worker\workerMain.js:322:9)
        at C:\Users\cactu\OneDrive\Desktop\app\New folder (2)\smart-shift-tracker\node_modules\playwright\lib\worker\testInfo.js:311:11)
        at C:\Users\cactu\OneDrive\Desktop\app\New folder (2)\smart-shift-tracker\node_modules\playwright\lib\worker\workerMain.js:320:7)

    Error Context: test-results\signup-Signup-Flow-Test-Case-3-Signup-with-Invalid-Files-chromium\error-context.md

  5 failed
    [chromium] ΓÇ║ tests\dashboard.spec.ts:14:5 ΓÇ║ Dashboard Access ΓÇ║ Promoter Dashboard Elements ΓöÇΓöÇΓöÇΓöÇΓöÇ
    [chromium] ΓÇ║ tests\login.spec.ts:4:5 ΓÇ║ Login Flow ΓÇ║ Login and Redirect ΓöÇΓöÇΓöÇΓöÇΓöÇΓöÇΓöÇΓöÇΓöÇΓöÇΓöÇΓöÇΓöÇΓöÇΓöÇΓöÇΓöÇΓöÇΓöÇΓöÇΓöÇΓöÇΓöÇΓöÇΓöÇ
    [chromium] ΓÇ║ tests\profile.spec.ts:13:5 ΓÇ║ Profile Page ΓÇ║ View and Update Profile ΓöÇΓöÇΓöÇΓöÇΓöÇΓöÇΓöÇΓöÇΓöÇΓöÇΓöÇΓöÇΓöÇΓöÇΓöÇ
    [chromium] ΓÇ║ tests\signup.spec.ts:5:5 ΓÇ║ Signup Flow ΓÇ║ Test Case 1: Complete Signup with Files ΓöÇΓöÇ
    [chromium] ΓÇ║ tests\signup.spec.ts:35:5 ΓÇ║ Signup Flow ΓÇ║ Test Case 3: Signup with Invalid Files ΓöÇΓöÇ
